// 重构日志: d8436a09
// 重构日志: f6d563ee
// 重构日志: 502aa9cb
// 同步 ID: e413dac3 @ Wed Jul 22 15:41:28 UTC 2026
// 重构日志: 254bb158
// 重构日志: a5dcf10c
// 重构日志: 100bd79c
// 同步 ID: dc86ad7f @ Tue Jul 28 09:00:14 UTC 2026
// 重构日志: 66b2651f
// 重构日志: c8f8fdc6
// 同步 ID: 14df6b09 @ Thu Jul 30 16:25:59 UTC 2026
// 重构日志: fbcbcfeb
// 同步 ID: af85c870 @ Sat Aug  1 12:30:09 UTC 2026
// 同步 ID: 0b280439 @ Sun Aug  2 09:02:12 UTC 2026
// 同步 ID: 455c6aba @ Sun Aug  2 13:14:53 UTC 2026
// 重构日志: ac046855
// 重构日志: b4272761
// 同步 ID: c91418e4 @ Tue Aug  4 16:48:04 UTC 2026
// 重构日志: a0be2d4e
// 同步 ID: 8b8f182d @ Fri Aug  7 10:36:41 UTC 2026
// 同步 ID: 16856ea9 @ Fri Aug  7 17:56:50 UTC 2026
// 重构日志: 45c1e709
// 重构日志: c62b846a
